\BOOKMARK [1][-]{section.1}{\376\377\000I\000n\000t\000r\000o\000d\000u\000c\000t\000i\000o\000n}{}% 1
\BOOKMARK [2][-]{subsection.1.1}{\376\377\000C\000o\000n\000t\000r\000i\000b\000u\000t\000i\000o\000n\000s}{section.1}% 2
\BOOKMARK [1][-]{section.2}{\376\377\000R\000e\000l\000a\000t\000e\000d\000\040\000W\000o\000r\000k}{}% 3
\BOOKMARK [1][-]{section.3}{\376\377\000T\000h\000e\000o\000r\000e\000t\000i\000c\000a\000l\000\040\000F\000r\000a\000m\000i\000n\000g}{}% 4
\BOOKMARK [2][-]{subsection.3.1}{\376\377\000S\000e\000l\000f\000-\000R\000e\000p\000o\000r\000t\000\040\000C\000i\000r\000c\000u\000l\000a\000r\000i\000t\000y\000\040\000a\000n\000d\000\040\000B\000e\000h\000a\000v\000i\000o\000r\000a\000l\000\040\000S\000i\000g\000n\000a\000l\000s}{section.3}% 5
\BOOKMARK [2][-]{subsection.3.2}{\376\377\000T\000h\000e\000\040\000R\000o\000u\000t\000i\000n\000g\000\040\000M\000D\000P\000\040\000w\000i\000t\000h\000\040\000G\000e\000o\000s\000p\000a\000t\000i\000a\000l\000\040\000S\000t\000a\000t\000e}{section.3}% 6
\BOOKMARK [2][-]{subsection.3.3}{\376\377\000G\000e\000o\000s\000p\000a\000t\000i\000a\000l\000\040\000B\000a\000y\000e\000s\000i\000a\000n\000\040\000P\000r\000i\000o\000r}{section.3}% 7
\BOOKMARK [2][-]{subsection.3.4}{\376\377\000F\000a\000l\000s\000i\000f\000i\000a\000b\000l\000e\000\040\000P\000r\000e\000d\000i\000c\000t\000i\000o\000n\000s}{section.3}% 8
\BOOKMARK [1][-]{section.4}{\376\377\000D\000a\000t\000a}{}% 9
\BOOKMARK [2][-]{subsection.4.1}{\376\377\000T\000r\000a\000i\000n\000i\000n\000g\000:\000\040\000B\000u\000g\000w\000o\000o\000d\000\040\000I\000P\000M\000N\000e\000t\000\040\000C\000S\000V}{section.4}% 10
\BOOKMARK [2][-]{subsection.4.2}{\376\377\000E\000v\000a\000l\000u\000a\000t\000i\000o\000n\000:\000\040\000F\000u\000l\000l\000\040\000P\000l\000a\000n\000t\000V\000i\000l\000l\000a\000g\000e\000\040\000\050\000E\000a\000s\000y\000\051}{section.4}% 11
\BOOKMARK [2][-]{subsection.4.3}{\376\377\000E\000v\000a\000l\000u\000a\000t\000i\000o\000n\000:\000\040\000F\000u\000l\000l\000\040\000P\000l\000a\000n\000t\000W\000i\000l\000d\000\040\000\050\000H\000a\000r\000d\000\051}{section.4}% 12
\BOOKMARK [2][-]{subsection.4.4}{\376\377\000D\000i\000a\000g\000n\000o\000s\000t\000i\000c\000\040\000T\000a\000s\000k\000s}{section.4}% 13
\BOOKMARK [1][-]{section.5}{\376\377\000P\000l\000a\000n\000t\000S\000w\000a\000r\000m}{}% 14
\BOOKMARK [2][-]{subsection.5.1}{\376\377\000A\000g\000e\000n\000t\000\040\000D\000e\000s\000i\000g\000n\000\040\000a\000n\000d\000\040\000B\000a\000c\000k\000b\000o\000n\000e}{section.5}% 15
\BOOKMARK [2][-]{subsection.5.2}{\376\377\000C\000o\000n\000f\000i\000d\000e\000n\000c\000e\000-\000G\000a\000t\000e\000d\000\040\000R\000o\000u\000t\000i\000n\000g}{section.5}% 16
\BOOKMARK [2][-]{subsection.5.3}{\376\377\000T\000r\000a\000c\000e\000\040\000G\000e\000n\000e\000r\000a\000t\000i\000o\000n\000\040\000a\000t\000\040\0003\0000\000\040\000R\000u\000n\000s\000\040\000p\000e\000r\000\040\000I\000m\000a\000g\000e}{section.5}% 17
\BOOKMARK [2][-]{subsection.5.4}{\376\377\000R\000o\000u\000t\000i\000n\000g\000\040\000T\000r\000a\000c\000e\000\040\000S\000c\000h\000e\000m\000a}{section.5}% 18
\BOOKMARK [1][-]{section.6}{\376\377\000P\000a\000t\000h\000o\000m\000e\000D\000B\000\040\000C\000o\000n\000s\000t\000r\000u\000c\000t\000i\000o\000n}{}% 19
\BOOKMARK [2][-]{subsection.6.1}{\376\377\000A\000g\000e\000n\000t\000i\000c\000\040\000D\000e\000l\000t\000a\000-\000K\000B\000\040\000c\000o\000l\000l\000e\000c\000t\000i\000o\000n}{section.6}% 20
\BOOKMARK [2][-]{subsection.6.2}{\376\377\000T\000w\000o\000\040\000s\000t\000o\000r\000e\000s\000,\000\040\000o\000n\000e\000\040\000s\000c\000h\000e\000m\000a}{section.6}% 21
\BOOKMARK [2][-]{subsection.6.3}{\376\377\000P\000h\000a\000s\000e\000\040\0000\000:\000\040\000C\000l\000a\000u\000d\000e\000-\000h\000e\000a\000d\000l\000e\000s\000s\000\040\000v\000i\000s\000u\000a\000l\000\040\000s\000e\000e\000d\000i\000n\000g}{section.6}% 22
\BOOKMARK [2][-]{subsection.6.4}{\376\377\000P\000h\000a\000s\000e\000\040\0000\000R\000:\000\040\000w\000e\000b\000-\000g\000r\000o\000u\000n\000d\000e\000d\000\040\000d\000e\000l\000t\000a\000\040\000v\000e\000r\000i\000f\000i\000c\000a\000t\000i\000o\000n}{section.6}% 23
\BOOKMARK [2][-]{subsection.6.5}{\376\377\000B\000u\000i\000l\000d\000:\000\040\000l\000a\000y\000e\000r\000i\000n\000g\000\040\000t\000h\000e\000\040\000C\000S\000V\000\040\000o\000n\000t\000o\000\040\000t\000h\000e\000\040\000s\000e\000e\000d}{section.6}% 24
\BOOKMARK [2][-]{subsection.6.6}{\376\377\000R\000e\000f\000e\000r\000e\000n\000c\000e\000\040\000l\000i\000b\000r\000a\000r\000y}{section.6}% 25
\BOOKMARK [2][-]{subsection.6.7}{\376\377\000P\000h\000a\000s\000e\000\040\0003\000:\000\040\000S\000w\000a\000r\000m\000-\000d\000e\000r\000i\000v\000e\000d\000\040\000e\000n\000h\000a\000n\000c\000e\000m\000e\000n\000t}{section.6}% 26
\BOOKMARK [2][-]{subsection.6.8}{\376\377\000G\000e\000o\000\040\000p\000r\000i\000o\000r\000\040\000a\000t\000\040\000s\000t\000a\000t\000e\000\040\000g\000r\000a\000n\000u\000l\000a\000r\000i\000t\000y}{section.6}% 27
\BOOKMARK [1][-]{section.7}{\376\377\000O\000B\000S\000E\000R\000V\000E}{}% 28
\BOOKMARK [2][-]{subsection.7.1}{\376\377\000A\000r\000c\000h\000i\000t\000e\000c\000t\000u\000r\000e}{section.7}% 29
\BOOKMARK [2][-]{subsection.7.2}{\376\377\000O\000v\000e\000r\000c\000o\000n\000f\000i\000d\000e\000n\000c\000e\000\040\000D\000e\000t\000e\000c\000t\000i\000o\000n}{section.7}% 30
\BOOKMARK [2][-]{subsection.7.3}{\376\377\000T\000r\000a\000i\000n\000i\000n\000g}{section.7}% 31
\BOOKMARK [2][-]{subsection.7.4}{\376\377\000A\000c\000t\000i\000v\000e\000\040\000L\000e\000a\000r\000n\000i\000n\000g\000\040\000f\000o\000r\000\040\000C\000r\000o\000s\000s\000-\000C\000r\000o\000p\000\040\000C\000o\000n\000v\000e\000r\000g\000e\000n\000c\000e}{section.7}% 32
\BOOKMARK [1][-]{section.8}{\376\377\000C\000o\000s\000t\000-\000E\000f\000f\000e\000c\000t\000i\000v\000e\000\040\000R\000e\000t\000r\000i\000e\000v\000a\000l\040\023\000R\000e\000a\000s\000o\000n\000i\000n\000g\000\040\000I\000n\000f\000e\000r\000e\000n\000c\000e}{}% 33
\BOOKMARK [1][-]{section.9}{\376\377\000E\000x\000p\000e\000r\000i\000m\000e\000n\000t\000s}{}% 34
\BOOKMARK [2][-]{subsection.9.1}{\376\377\000P\000l\000a\000n\000t\000S\000w\000a\000r\000m\000\040\000A\000b\000l\000a\000t\000i\000o\000n}{section.9}% 35
\BOOKMARK [2][-]{subsection.9.2}{\376\377\000P\000l\000a\000n\000t\000S\000w\000a\000r\000m\000\040\000M\000a\000i\000n\000\040\000R\000e\000s\000u\000l\000t\000s}{section.9}% 36
\BOOKMARK [2][-]{subsection.9.3}{\376\377\000O\000B\000S\000E\000R\000V\000E\000\040\000M\000a\000i\000n\000\040\000R\000e\000s\000u\000l\000t\000s}{section.9}% 37
\BOOKMARK [2][-]{subsection.9.4}{\376\377\000G\000e\000o\000s\000p\000a\000t\000i\000a\000l\000\040\000P\000r\000i\000o\000r\000\040\000V\000a\000l\000i\000d\000a\000t\000i\000o\000n\000\040\000\050\000p\000r\000e\000-\000r\000e\000g\000i\000s\000t\000e\000r\000e\000d\000\040\000t\000a\000r\000g\000e\000t\000s\000\051}{section.9}% 38
\BOOKMARK [2][-]{subsection.9.5}{\376\377\000E\000p\000i\000s\000t\000e\000m\000i\000c\000/\000A\000l\000e\000a\000t\000o\000r\000i\000c\000\040\000D\000e\000c\000o\000m\000p\000o\000s\000i\000t\000i\000o\000n}{section.9}% 39
\BOOKMARK [1][-]{section.10}{\376\377\000D\000i\000s\000c\000u\000s\000s\000i\000o\000n}{}% 40
\BOOKMARK [1][-]{section.11}{\376\377\000C\000o\000n\000c\000l\000u\000s\000i\000o\000n}{}% 41
\BOOKMARK [1][-]{appendix.A}{\376\377\000B\000u\000g\000w\000o\000o\000d\000\040\000C\000S\000V\000\040\000F\000i\000l\000t\000e\000r\000i\000n\000g}{}% 42
\BOOKMARK [1][-]{appendix.B}{\376\377\000G\000e\000o\000\040\000P\000r\000i\000o\000r\000\040\000a\000t\000\040\000S\000t\000a\000t\000e\000\040\000G\000r\000a\000n\000u\000l\000a\000r\000i\000t\000y}{}% 43
\BOOKMARK [1][-]{appendix.C}{\376\377\000T\000r\000a\000i\000n\000i\000n\000g\000\040\000C\000o\000n\000f\000i\000g\000u\000r\000a\000t\000i\000o\000n}{}% 44
\BOOKMARK [1][-]{appendix.D}{\376\377\000F\000a\000l\000s\000i\000f\000i\000a\000b\000l\000e\000\040\000P\000r\000e\000d\000i\000c\000t\000i\000o\000n\000s}{}% 45
\BOOKMARK [1][-]{appendix.E}{\376\377\000S\000m\000o\000k\000e\000\040\000P\000i\000l\000o\000t\000:\000\040\000T\000o\000m\000a\000t\000o\000\040\000+\000\040\000S\000o\000y\000b\000e\000a\000n\000\040\000\050\0002\0000\0002\0006\000-\0000\0005\000-\0001\0001\000\051}{}% 46
\BOOKMARK [1][-]{appendix.F}{\376\377\000A\000u\000t\000o\000-\000g\000e\000n\000e\000r\000a\000t\000e\000d\000\040\000I\000m\000p\000l\000e\000m\000e\000n\000t\000a\000t\000i\000o\000n\000\040\000R\000e\000s\000u\000l\000t\000s}{}% 47
\BOOKMARK [2][-]{subsection.F.1}{\376\377\000S\000i\000x\000-\000s\000t\000e\000p\000\040\000p\000i\000p\000e\000l\000i\000n\000e\000\040\000\050\000c\000u\000r\000r\000e\000n\000t\000\040\000i\000m\000p\000l\000e\000m\000e\000n\000t\000a\000t\000i\000o\000n\000\051}{appendix.F}% 48
\BOOKMARK [2][-]{subsection.F.2}{\376\377\000P\000a\000t\000h\000o\000m\000e\000D\000B\000\040\000s\000e\000e\000d\000\040\000s\000u\000m\000m\000a\000r\000y}{appendix.F}% 49
\BOOKMARK [2][-]{subsection.F.3}{\376\377\000P\000h\000a\000s\000e\000\040\0000\000R\000\040\000r\000o\000u\000t\000e\000d\000-\000s\000w\000a\000r\000m\000\040\000t\000r\000a\000c\000e\000\040\000s\000t\000a\000t\000s}{appendix.F}% 50
\BOOKMARK [2][-]{subsection.F.4}{\376\377\000O\000b\000s\000e\000r\000v\000e\000\040\000t\000r\000a\000i\000n\000i\000n\000g\000\040\000c\000u\000r\000v\000e\000s}{appendix.F}% 51
\BOOKMARK [2][-]{subsection.F.5}{\376\377\000O\000b\000s\000e\000r\000v\000e\000\040\000h\000e\000l\000d\000-\000o\000u\000t\000\040\000e\000v\000a\000l\000u\000a\000t\000i\000o\000n}{appendix.F}% 52
